
Dell@lol MINGW64 /d/RULE
$ git clone https://github.com/varad223/TEST.git
Cloning into 'TEST'...
remote: Enumerating objects: 3, done.
remote: Counting objects: 100% (3/3), done.
remote: Total 3 (delta 0), reused 0 (delta 0), pack-reused 0
Receiving objects: 100% (3/3), done.

Dell@lol MINGW64 /d/RULE
$ git status
fatal: not a git repository (or any of the parent directories): .git

Dell@lol MINGW64 /d/RULE
$ cd test

Dell@lol MINGW64 /d/RULE/test (main)
$ git status
On branch main
Your branch is up to date with 'origin/main'.

nothing to commit, working tree clean

Dell@lol MINGW64 /d/RULE/test (main)
$ git status
On branch main
Your branch is up to date with 'origin/main'.

Changes not staged for commit:
  (use "git add <file>..." to update what will be committed)
  (use "git restore <file>..." to discard changes in working directory)
        modified:   TEST1

no changes added to commit (use "git add" and/or "git commit -a")

Dell@lol MINGW64 /d/RULE/test (main)
$ cd test
bash: cd: test: No such file or directory

Dell@lol MINGW64 /d/RULE/test (main)
$ git status
On branch main
Your branch is up to date with 'origin/main'.

Changes not staged for commit:
  (use "git add <file>..." to update what will be committed)
  (use "git restore <file>..." to discard changes in working directory)
        modified:   TEST1

no changes added to commit (use "git add" and/or "git commit -a")

Dell@lol MINGW64 /d/RULE/test (main)
$ git add .

Dell@lol MINGW64 /d/RULE/test (main)
$ git status
On branch main
Your branch is up to date with 'origin/main'.

Changes to be committed:
  (use "git restore --staged <file>..." to unstage)
        modified:   TEST1


Dell@lol MINGW64 /d/RULE/test (main)
$ git commit -m "IJK ADDED"
Author identity unknown

*** Please tell me who you are.

Run

  git config --global user.email "you@example.com"
  git config --global user.name "Your Name"

to set your account's default identity.
Omit --global to set the identity only in this repository.

fatal: unable to auto-detect email address (got 'Dell@lol.(none)')

Dell@lol MINGW64 /d/RULE/test (main)
$ git config user.email "varadsuryawanshi22@gmail.com"

Dell@lol MINGW64 /d/RULE/test (main)
$ git commit -m "IJK ADDED"
[main c90186b] IJK ADDED
 1 file changed, 1 insertion(+)

Dell@lol MINGW64 /d/RULE/test (main)
$ git status
On branch main
Your branch is ahead of 'origin/main' by 1 commit.
  (use "git push" to publish your local commits)

nothing to commit, working tree clean

Dell@lol MINGW64 /d/RULE/test (main)
$ git remote set-url origin ^[[200~https://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

Dell@lol MINGW64 /d/RULE/test (main)
$ git remote set-url origin https://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
@github.com/varad223/TEST.git
bash: @github.com/varad223/TEST.git: No such file or directory

Dell@lol MINGW64 /d/RULE/test (main)
$ git remote set-url origin https://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@github.com/varad223/TEST.git

Dell@lol MINGW64 /d/RULE/test (main)
$ git push origin
Enumerating objects: 5, done.
Counting objects: 100% (5/5), done.
Writing objects: 100% (3/3), 256 bytes | 256.00 KiB/s, done.
Total 3 (delta 0), reused 0 (delta 0), pack-reused 0
To https://github.com/varad223/TEST.git
   e3df7e6..c90186b  main -> main

Dell@lol MINGW64 /d/RULE/test (main)
$ git pull origin
remote: Enumerating objects: 4, done.
remote: Counting objects: 100% (4/4), done.
remote: Compressing objects: 100% (2/2), done.
remote: Total 3 (delta 0), reused 0 (delta 0), pack-reused 0
Unpacking objects: 100% (3/3), 656 bytes | 4.00 KiB/s, done.
From https://github.com/varad223/TEST
   c90186b..20aef45  main       -> origin/main
Updating c90186b..20aef45
Fast-forward
 test2 | 1 +
 1 file changed, 1 insertion(+)
 create mode 100644 test2

Dell@lol MINGW64 /d/RULE/test (main)
$ git push origin
Everything up-to-date

Dell@lol MINGW64 /d/RULE/test (main)
$ git commit -m "say hi"
On branch main
Your branch is up to date with 'origin/main'.

Changes not staged for commit:
  (use "git add <file>..." to update what will be committed)
  (use "git restore <file>..." to discard changes in working directory)
        modified:   test2

no changes added to commit (use "git add" and/or "git commit -a")

Dell@lol MINGW64 /d/RULE/test (main)
$ git add .

Dell@lol MINGW64 /d/RULE/test (main)
$ git status
On branch main
Your branch is up to date with 'origin/main'.

Changes to be committed:
  (use "git restore --staged <file>..." to unstage)
        modified:   test2


Dell@lol MINGW64 /d/RULE/test (main)
$ git push origin
Everything up-to-date

Dell@lol MINGW64 /d/RULE/test (main)
$ git commit -m "say hi"
[main e9bcaf3] say hi
 1 file changed, 1 insertion(+)

Dell@lol MINGW64 /d/RULE/test (main)
$ git push origin
Enumerating objects: 5, done.
Counting objects: 100% (5/5), done.
Delta compression using up to 8 threads
Compressing objects: 100% (2/2), done.
Writing objects: 100% (3/3), 287 bytes | 287.00 KiB/s, done.
Total 3 (delta 0), reused 0 (delta 0), pack-reused 0
To https://github.com/varad223/TEST.git
   20aef45..e9bcaf3  main -> main

