Dell@lol MINGW64 /d/RULE
$ git clone https://github.com/varad223/WAD-PRAC.git
Cloning into 'WAD-PRAC'...
remote: Enumerating objects: 3, done.
remote: Counting objects: 100% (3/3), done.
remote: Total 3 (delta 0), reused 0 (delta 0), pack-reused 0
Receiving objects: 100% (3/3), done.

Dell@lol MINGW64 /d/WAD-PRAC
$ git status
fatal: not a git repository (or any of the parent directories): .git

Dell@lol MINGW64 /d/RULE
$ cd test

Dell@lol MINGW64 /d/WAD-PRAC/ASSIGNMENT2/A (main)
$ git status
On branch main
Your branch is up to date with 'origin/main'.

Untracked files:
  (use "git add <file>..." to include in what will be committed)
        a.git-commands.txt

nothing added to commit but untracked files present (use "git add" to track)

Dell@lol MINGW64 /d/WAD-PRAC/ASSIGNMENT2/A (main)
$ git add .

Dell@lol MINGW64 /d/WAD-PRAC/ASSIGNMENT2/A (main)
$ git commit -m "Add commands"
Author identity unknown

*** Please tell me who you are.

Run

  git config --global user.email "you@example.com"
  git config --global user.name "Your Name"

to set your account's default identity.
Omit --global to set the identity only in this repository.

fatal: unable to auto-detect email address (got 'Dell@lol.(none)')

Dell@lol MINGW64 /d/WAD-PRAC/ASSIGNMENT2/A (main)
$ git config --global user.email "varadsuryawanshi22@gmail.com"

Dell@lol MINGW64 /d/WAD-PRAC/ASSIGNMENT2/A (main)
$ git commit -m "Add commands"
[main 278993e] Add commands
 1 file changed, 180 insertions(+)
 create mode 100644 ASSIGNMENT2/A/a.git-commands.txt

Dell@lol MINGW64 /d/WAD-PRAC/ASSIGNMENT2/A (main)
$ git remote set-url origin https://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@github.com/varad223/WAD-PRAC.git

Dell@lol MINGW64 /d/WAD-PRAC/ASSIGNMENT2/A (main)
$ git push origin
Enumerating objects: 8, done.
Counting objects: 100% (8/8), done.
Delta compression using up to 8 threads
Compressing objects: 100% (4/4), done.
Writing objects: 100% (5/5), 1.53 KiB | 1.53 MiB/s, done.
Total 5 (delta 0), reused 0 (delta 0), pack-reused 0
To https://github.com/varad223/WAD-PRAC.git
   34403e5..278993e  main -> main

Dell@lol MINGW64 /d/WAD-PRAC/ASSIGNMENT2/A (main)
$
